// Jest Snapshot v1, https://goo.gl/fbAQLP

exports[`PokemonPage <pages> Should match snapshot 1`] = `<h1>Cargando...</h1>`;

exports[`PokemonPage <pages> Should match the snapshot after load pokemons 1`] = `
<div>
  <h1>Â¿Who is this Pokemon?</h1>
  <pokemon-pic-stub pokemonid="4" showpokemon="false"></pokemon-pic-stub>
  <pokemon-options-stub correctanswer="[object Object]" pokemons="[object Object],[object Object],[object Object],[object Object]"></pokemon-options-stub>
  <!--v-if-->
</div>
`;
