// Jest Snapshot v1, https://goo.gl/fbAQLP

exports[`PokemonPic <component> Should match with snapshot 1`] = `<div data-testid="pokemonContainer" class="pokemon-container"><img class="hidden-pokemon" data-testid="pokemonHidden" src="https://raw.githubusercontent.com/PokeAPI/sprites/master/sprites/pokemon/other/dream-world/1.svg" alt="A Wild  Pokemon"></div>`;
